------------------------------------------------------------
Timing Analyzer Summary
------------------------------------------------------------

Type  : Slow 1100mV 85C Model Setup 'CLOCK_50'
Slack : -10.434
TNS   : -4362.577

Type  : Slow 1100mV 85C Model Hold 'CLOCK_50'
Slack : 0.540
TNS   : 0.000

Type  : Slow 1100mV 85C Model Recovery 'KEY[3]'
Slack : -4.539
TNS   : -4.539

Type  : Slow 1100mV 85C Model Recovery 'KEY[0]'
Slack : -4.368
TNS   : -4.368

Type  : Slow 1100mV 85C Model Recovery 'KEY[2]'
Slack : -4.140
TNS   : -4.140

Type  : Slow 1100mV 85C Model Recovery 'KEY[1]'
Slack : -3.805
TNS   : -3.805

Type  : Slow 1100mV 85C Model Removal 'KEY[1]'
Slack : 1.129
TNS   : 0.000

Type  : Slow 1100mV 85C Model Removal 'KEY[2]'
Slack : 1.491
TNS   : 0.000

Type  : Slow 1100mV 85C Model Removal 'KEY[3]'
Slack : 1.670
TNS   : 0.000

Type  : Slow 1100mV 85C Model Removal 'KEY[0]'
Slack : 1.773
TNS   : 0.000

Type  : Slow 1100mV 85C Model Minimum Pulse Width 'CLOCK_50'
Slack : -0.538
TNS   : -543.587

Type  : Slow 1100mV 85C Model Minimum Pulse Width 'KEY[1]'
Slack : -0.538
TNS   : -0.884

Type  : Slow 1100mV 85C Model Minimum Pulse Width 'KEY[0]'
Slack : -0.538
TNS   : -0.864

Type  : Slow 1100mV 85C Model Minimum Pulse Width 'KEY[2]'
Slack : -0.538
TNS   : -0.844

Type  : Slow 1100mV 85C Model Minimum Pulse Width 'KEY[3]'
Slack : -0.538
TNS   : -0.833

Type  : Slow 1100mV 0C Model Setup 'CLOCK_50'
Slack : -10.303
TNS   : -4274.215

Type  : Slow 1100mV 0C Model Hold 'CLOCK_50'
Slack : 0.568
TNS   : 0.000

Type  : Slow 1100mV 0C Model Recovery 'KEY[3]'
Slack : -4.803
TNS   : -4.803

Type  : Slow 1100mV 0C Model Recovery 'KEY[0]'
Slack : -4.558
TNS   : -4.558

Type  : Slow 1100mV 0C Model Recovery 'KEY[2]'
Slack : -4.313
TNS   : -4.313

Type  : Slow 1100mV 0C Model Recovery 'KEY[1]'
Slack : -4.007
TNS   : -4.007

Type  : Slow 1100mV 0C Model Removal 'KEY[1]'
Slack : 1.231
TNS   : 0.000

Type  : Slow 1100mV 0C Model Removal 'KEY[2]'
Slack : 1.562
TNS   : 0.000

Type  : Slow 1100mV 0C Model Removal 'KEY[3]'
Slack : 1.793
TNS   : 0.000

Type  : Slow 1100mV 0C Model Removal 'KEY[0]'
Slack : 1.838
TNS   : 0.000

Type  : Slow 1100mV 0C Model Minimum Pulse Width 'CLOCK_50'
Slack : -0.538
TNS   : -481.037

Type  : Slow 1100mV 0C Model Minimum Pulse Width 'KEY[1]'
Slack : -0.538
TNS   : -0.884

Type  : Slow 1100mV 0C Model Minimum Pulse Width 'KEY[3]'
Slack : -0.538
TNS   : -0.869

Type  : Slow 1100mV 0C Model Minimum Pulse Width 'KEY[0]'
Slack : -0.538
TNS   : -0.854

Type  : Slow 1100mV 0C Model Minimum Pulse Width 'KEY[2]'
Slack : -0.538
TNS   : -0.827

Type  : Fast 1100mV 85C Model Setup 'CLOCK_50'
Slack : -4.888
TNS   : -1997.738

Type  : Fast 1100mV 85C Model Hold 'CLOCK_50'
Slack : 0.198
TNS   : 0.000

Type  : Fast 1100mV 85C Model Recovery 'KEY[0]'
Slack : -1.759
TNS   : -1.759

Type  : Fast 1100mV 85C Model Recovery 'KEY[3]'
Slack : -1.737
TNS   : -1.737

Type  : Fast 1100mV 85C Model Recovery 'KEY[2]'
Slack : -1.508
TNS   : -1.508

Type  : Fast 1100mV 85C Model Recovery 'KEY[1]'
Slack : -1.441
TNS   : -1.441

Type  : Fast 1100mV 85C Model Removal 'KEY[1]'
Slack : 0.276
TNS   : 0.000

Type  : Fast 1100mV 85C Model Removal 'KEY[2]'
Slack : 0.355
TNS   : 0.000

Type  : Fast 1100mV 85C Model Removal 'KEY[3]'
Slack : 0.436
TNS   : 0.000

Type  : Fast 1100mV 85C Model Removal 'KEY[0]'
Slack : 0.589
TNS   : 0.000

Type  : Fast 1100mV 85C Model Minimum Pulse Width 'KEY[1]'
Slack : -0.473
TNS   : -1.417

Type  : Fast 1100mV 85C Model Minimum Pulse Width 'KEY[3]'
Slack : -0.443
TNS   : -1.282

Type  : Fast 1100mV 85C Model Minimum Pulse Width 'KEY[0]'
Slack : -0.417
TNS   : -1.173

Type  : Fast 1100mV 85C Model Minimum Pulse Width 'CLOCK_50'
Slack : -0.409
TNS   : -279.579

Type  : Fast 1100mV 85C Model Minimum Pulse Width 'KEY[2]'
Slack : -0.325
TNS   : -1.033

Type  : Fast 1100mV 0C Model Setup 'CLOCK_50'
Slack : -4.380
TNS   : -1731.079

Type  : Fast 1100mV 0C Model Hold 'CLOCK_50'
Slack : 0.142
TNS   : 0.000

Type  : Fast 1100mV 0C Model Recovery 'KEY[3]'
Slack : -1.565
TNS   : -1.565

Type  : Fast 1100mV 0C Model Recovery 'KEY[0]'
Slack : -1.536
TNS   : -1.536

Type  : Fast 1100mV 0C Model Recovery 'KEY[2]'
Slack : -1.323
TNS   : -1.323

Type  : Fast 1100mV 0C Model Recovery 'KEY[1]'
Slack : -1.246
TNS   : -1.246

Type  : Fast 1100mV 0C Model Removal 'KEY[1]'
Slack : 0.233
TNS   : 0.000

Type  : Fast 1100mV 0C Model Removal 'KEY[2]'
Slack : 0.291
TNS   : 0.000

Type  : Fast 1100mV 0C Model Removal 'KEY[3]'
Slack : 0.401
TNS   : 0.000

Type  : Fast 1100mV 0C Model Removal 'KEY[0]'
Slack : 0.513
TNS   : 0.000

Type  : Fast 1100mV 0C Model Minimum Pulse Width 'KEY[1]'
Slack : -0.525
TNS   : -1.624

Type  : Fast 1100mV 0C Model Minimum Pulse Width 'KEY[3]'
Slack : -0.515
TNS   : -1.559

Type  : Fast 1100mV 0C Model Minimum Pulse Width 'KEY[0]'
Slack : -0.478
TNS   : -1.431

Type  : Fast 1100mV 0C Model Minimum Pulse Width 'CLOCK_50'
Slack : -0.446
TNS   : -332.751

Type  : Fast 1100mV 0C Model Minimum Pulse Width 'KEY[2]'
Slack : -0.407
TNS   : -1.323

------------------------------------------------------------
