------------------------------------------------------------
Timing Analyzer Summary
------------------------------------------------------------

Type  : Slow 1100mV 85C Model Setup 'CLOCK_50'
Slack : -10.869
TNS   : -4409.818

Type  : Slow 1100mV 85C Model Hold 'CLOCK_50'
Slack : 0.552
TNS   : 0.000

Type  : Slow 1100mV 85C Model Recovery 'KEY[0]'
Slack : -4.658
TNS   : -4.658

Type  : Slow 1100mV 85C Model Recovery 'KEY[1]'
Slack : -4.179
TNS   : -4.179

Type  : Slow 1100mV 85C Model Removal 'KEY[1]'
Slack : 0.843
TNS   : 0.000

Type  : Slow 1100mV 85C Model Removal 'KEY[0]'
Slack : 1.411
TNS   : 0.000

Type  : Slow 1100mV 85C Model Minimum Pulse Width 'CLOCK_50'
Slack : -0.538
TNS   : -538.792

Type  : Slow 1100mV 85C Model Minimum Pulse Width 'KEY[1]'
Slack : -0.538
TNS   : -0.889

Type  : Slow 1100mV 85C Model Minimum Pulse Width 'KEY[0]'
Slack : -0.538
TNS   : -0.855

Type  : Slow 1100mV 0C Model Setup 'CLOCK_50'
Slack : -11.059
TNS   : -4350.534

Type  : Slow 1100mV 0C Model Hold 'CLOCK_50'
Slack : 0.603
TNS   : 0.000

Type  : Slow 1100mV 0C Model Recovery 'KEY[0]'
Slack : -4.916
TNS   : -4.916

Type  : Slow 1100mV 0C Model Recovery 'KEY[1]'
Slack : -4.464
TNS   : -4.464

Type  : Slow 1100mV 0C Model Removal 'KEY[1]'
Slack : 1.099
TNS   : 0.000

Type  : Slow 1100mV 0C Model Removal 'KEY[0]'
Slack : 1.597
TNS   : 0.000

Type  : Slow 1100mV 0C Model Minimum Pulse Width 'CLOCK_50'
Slack : -0.538
TNS   : -476.530

Type  : Slow 1100mV 0C Model Minimum Pulse Width 'KEY[1]'
Slack : -0.538
TNS   : -0.893

Type  : Slow 1100mV 0C Model Minimum Pulse Width 'KEY[0]'
Slack : -0.538
TNS   : -0.839

Type  : Fast 1100mV 85C Model Setup 'CLOCK_50'
Slack : -4.856
TNS   : -1989.285

Type  : Fast 1100mV 85C Model Hold 'CLOCK_50'
Slack : 0.219
TNS   : 0.000

Type  : Fast 1100mV 85C Model Recovery 'KEY[0]'
Slack : -1.853
TNS   : -1.853

Type  : Fast 1100mV 85C Model Recovery 'KEY[1]'
Slack : -1.654
TNS   : -1.654

Type  : Fast 1100mV 85C Model Removal 'KEY[1]'
Slack : 0.107
TNS   : 0.000

Type  : Fast 1100mV 85C Model Removal 'KEY[0]'
Slack : 0.351
TNS   : 0.000

Type  : Fast 1100mV 85C Model Minimum Pulse Width 'KEY[1]'
Slack : -0.481
TNS   : -1.437

Type  : Fast 1100mV 85C Model Minimum Pulse Width 'CLOCK_50'
Slack : -0.410
TNS   : -276.665

Type  : Fast 1100mV 85C Model Minimum Pulse Width 'KEY[0]'
Slack : -0.359
TNS   : -1.006

Type  : Fast 1100mV 0C Model Setup 'CLOCK_50'
Slack : -4.370
TNS   : -1729.645

Type  : Fast 1100mV 0C Model Hold 'CLOCK_50'
Slack : 0.210
TNS   : 0.000

Type  : Fast 1100mV 0C Model Recovery 'KEY[0]'
Slack : -1.631
TNS   : -1.631

Type  : Fast 1100mV 0C Model Recovery 'KEY[1]'
Slack : -1.436
TNS   : -1.436

Type  : Fast 1100mV 0C Model Removal 'KEY[1]'
Slack : 0.094
TNS   : 0.000

Type  : Fast 1100mV 0C Model Removal 'KEY[0]'
Slack : 0.313
TNS   : 0.000

Type  : Fast 1100mV 0C Model Minimum Pulse Width 'KEY[1]'
Slack : -0.533
TNS   : -1.643

Type  : Fast 1100mV 0C Model Minimum Pulse Width 'CLOCK_50'
Slack : -0.446
TNS   : -329.468

Type  : Fast 1100mV 0C Model Minimum Pulse Width 'KEY[0]'
Slack : -0.421
TNS   : -1.262

------------------------------------------------------------
