------------------------------------------------------------
Timing Analyzer Summary
------------------------------------------------------------

Type  : Slow 1100mV 85C Model Setup 'CLOCK_50'
Slack : -8.107
TNS   : -3222.917

Type  : Slow 1100mV 85C Model Hold 'CLOCK_50'
Slack : 0.466
TNS   : 0.000

Type  : Slow 1100mV 85C Model Recovery 'KEY[1]'
Slack : -2.810
TNS   : -2.810

Type  : Slow 1100mV 85C Model Recovery 'KEY[0]'
Slack : -2.742
TNS   : -2.742

Type  : Slow 1100mV 85C Model Removal 'KEY[1]'
Slack : 0.710
TNS   : 0.000

Type  : Slow 1100mV 85C Model Removal 'KEY[0]'
Slack : 0.731
TNS   : 0.000

Type  : Slow 1100mV 85C Model Minimum Pulse Width 'CLOCK_50'
Slack : -0.538
TNS   : -454.923

Type  : Slow 1100mV 85C Model Minimum Pulse Width 'KEY[1]'
Slack : -0.538
TNS   : -0.861

Type  : Slow 1100mV 85C Model Minimum Pulse Width 'KEY[0]'
Slack : -0.538
TNS   : -0.841

Type  : Slow 1100mV 0C Model Setup 'CLOCK_50'
Slack : -8.103
TNS   : -3080.536

Type  : Slow 1100mV 0C Model Hold 'CLOCK_50'
Slack : 0.484
TNS   : 0.000

Type  : Slow 1100mV 0C Model Recovery 'KEY[1]'
Slack : -2.994
TNS   : -2.994

Type  : Slow 1100mV 0C Model Recovery 'KEY[0]'
Slack : -2.950
TNS   : -2.950

Type  : Slow 1100mV 0C Model Removal 'KEY[0]'
Slack : 0.859
TNS   : 0.000

Type  : Slow 1100mV 0C Model Removal 'KEY[1]'
Slack : 0.871
TNS   : 0.000

Type  : Slow 1100mV 0C Model Minimum Pulse Width 'CLOCK_50'
Slack : -0.538
TNS   : -458.184

Type  : Slow 1100mV 0C Model Minimum Pulse Width 'KEY[1]'
Slack : -0.538
TNS   : -0.876

Type  : Slow 1100mV 0C Model Minimum Pulse Width 'KEY[0]'
Slack : -0.538
TNS   : -0.868

Type  : Fast 1100mV 85C Model Setup 'CLOCK_50'
Slack : -3.603
TNS   : -1418.425

Type  : Fast 1100mV 85C Model Hold 'CLOCK_50'
Slack : 0.183
TNS   : 0.000

Type  : Fast 1100mV 85C Model Recovery 'KEY[0]'
Slack : -1.184
TNS   : -1.184

Type  : Fast 1100mV 85C Model Recovery 'KEY[1]'
Slack : -1.008
TNS   : -1.008

Type  : Fast 1100mV 85C Model Removal 'KEY[1]'
Slack : 0.154
TNS   : 0.000

Type  : Fast 1100mV 85C Model Removal 'KEY[0]'
Slack : 0.367
TNS   : 0.000

Type  : Fast 1100mV 85C Model Minimum Pulse Width 'KEY[1]'
Slack : -0.213
TNS   : -0.273

Type  : Fast 1100mV 85C Model Minimum Pulse Width 'KEY[0]'
Slack : -0.175
TNS   : -0.179

Type  : Fast 1100mV 85C Model Minimum Pulse Width 'CLOCK_50'
Slack : -0.102
TNS   : -56.640

Type  : Fast 1100mV 0C Model Setup 'CLOCK_50'
Slack : -3.248
TNS   : -1201.131

Type  : Fast 1100mV 0C Model Hold 'CLOCK_50'
Slack : 0.173
TNS   : 0.000

Type  : Fast 1100mV 0C Model Recovery 'KEY[0]'
Slack : -1.068
TNS   : -1.068

Type  : Fast 1100mV 0C Model Recovery 'KEY[1]'
Slack : -0.904
TNS   : -0.904

Type  : Fast 1100mV 0C Model Removal 'KEY[1]'
Slack : 0.193
TNS   : 0.000

Type  : Fast 1100mV 0C Model Removal 'KEY[0]'
Slack : 0.363
TNS   : 0.000

Type  : Fast 1100mV 0C Model Minimum Pulse Width 'KEY[1]'
Slack : -0.232
TNS   : -0.266

Type  : Fast 1100mV 0C Model Minimum Pulse Width 'KEY[0]'
Slack : -0.190
TNS   : -0.198

Type  : Fast 1100mV 0C Model Minimum Pulse Width 'CLOCK_50'
Slack : -0.100
TNS   : -56.248

------------------------------------------------------------
